[2026-05-11T12:07:45.299Z] GET ALL ORDERS TRIGGERED by user 6a01c48812395e87324464d8
[2026-05-11T12:07:45.716Z] FETCH ALL FAILED: Cannot read properties of null (reading '_id')
[2026-05-11T12:09:42.528Z] CREATE ORDER ATTEMPT for User: 6a01c48812395e87324464d8
[2026-05-11T12:09:43.207Z] CREATE SUCCESS! Order ID: 6a01c706debcced94c6b6dc4
[2026-05-11T12:09:49.323Z] GET ALL ORDERS TRIGGERED by user 6a01c48812395e87324464d8
[2026-05-11T12:09:49.570Z] FETCH ALL FAILED: Cannot read properties of null (reading '_id')
[2026-05-11T12:10:08.241Z] GET ALL ORDERS TRIGGERED by user 6a01c48812395e87324464d8
[2026-05-11T12:10:08.435Z] FETCH ALL FAILED: Cannot read properties of null (reading '_id')
[2026-05-11T12:11:35.396Z] GET ALL ORDERS TRIGGERED by user 6a01c48812395e87324464d8
[2026-05-11T12:11:35.493Z] FETCHED 2 orders from DB.
[2026-05-11T12:11:36.348Z] GET ALL ORDERS TRIGGERED by user 6a01c48812395e87324464d8
[2026-05-11T12:11:36.426Z] FETCHED 2 orders from DB.
[2026-05-11T12:12:31.191Z] GET ALL ORDERS TRIGGERED by user 6a01c48812395e87324464d8
[2026-05-11T12:12:31.273Z] FETCHED 2 orders from DB.
[2026-05-11T12:12:54.755Z] GET ALL ORDERS TRIGGERED by user 6a01c48812395e87324464d8
[2026-05-11T12:12:54.832Z] FETCHED 2 orders from DB.
[2026-05-11T12:12:55.726Z] GET ALL ORDERS TRIGGERED by user 6a01c48812395e87324464d8
[2026-05-11T12:12:56.025Z] FETCHED 2 orders from DB.
[2026-05-11T12:14:36.233Z] CREATE ORDER ATTEMPT for User: 6a01c7e6eb1b6dcb59dc9a1d
[2026-05-11T12:14:36.922Z] CREATE SUCCESS! Order ID: 6a01c82ceb1b6dcb59dc9a39
[2026-05-11T12:15:07.506Z] GET ALL ORDERS TRIGGERED by user 6a01c48812395e87324464d8
[2026-05-11T12:15:07.827Z] FETCHED 3 orders from DB.
[2026-05-11T12:16:44.670Z] GET ALL ORDERS TRIGGERED by user 6a01c48812395e87324464d8
[2026-05-11T12:16:44.888Z] FETCHED 3 orders from DB.
[2026-05-11T12:24:47.191Z] GET ALL ORDERS TRIGGERED by user 6a01c48812395e87324464d8
[2026-05-11T12:24:47.312Z] FETCHED 3 orders from DB.
[2026-05-11T12:25:02.788Z] GET ALL ORDERS TRIGGERED by user 6a01c48812395e87324464d8
[2026-05-11T12:25:02.971Z] FETCHED 3 orders from DB.
[2026-05-11T12:25:04.948Z] GET ALL ORDERS TRIGGERED by user 6a01c48812395e87324464d8
[2026-05-11T12:25:05.315Z] FETCHED 3 orders from DB.
[2026-05-11T12:26:37.940Z] GET ALL ORDERS TRIGGERED by user 6a01c48812395e87324464d8
[2026-05-11T12:26:38.203Z] FETCHED 3 orders from DB.
[2026-05-11T12:27:48.673Z] GET ALL ORDERS TRIGGERED by user 6a01c48812395e87324464d8
[2026-05-11T12:27:48.982Z] FETCHED 3 orders from DB.
[2026-05-11T12:29:48.074Z] GET ALL ORDERS TRIGGERED by user 6a01c48812395e87324464d8
[2026-05-11T12:29:48.258Z] FETCHED 3 orders from DB.
[2026-05-11T12:29:54.774Z] GET ALL ORDERS TRIGGERED by user 6a01c48812395e87324464d8
[2026-05-11T12:29:55.011Z] FETCHED 3 orders from DB.
[2026-05-11T12:31:23.622Z] CREATE ORDER ATTEMPT for User: 6a01c48812395e87324464d8
[2026-05-11T12:31:24.197Z] CREATE SUCCESS! Order ID: 6a01cc1beb1b6dcb59dc9ab9
[2026-05-11T12:31:35.335Z] GET ALL ORDERS TRIGGERED by user 6a01c48812395e87324464d8
[2026-05-11T12:31:35.565Z] FETCHED 4 orders from DB.
[2026-05-11T12:31:40.392Z] GET ALL ORDERS TRIGGERED by user 6a01c48812395e87324464d8
[2026-05-11T12:31:40.692Z] FETCHED 4 orders from DB.
[2026-05-11T12:31:51.996Z] GET ALL ORDERS TRIGGERED by user 6a01c48812395e87324464d8
[2026-05-11T12:31:52.191Z] FETCHED 4 orders from DB.
[2026-05-11T12:37:31.897Z] GET ALL ORDERS TRIGGERED by user 6a01c48812395e87324464d8
[2026-05-11T12:37:32.035Z] FETCHED 4 orders from DB.
[2026-05-11T12:37:46.206Z] GET ALL ORDERS TRIGGERED by user 6a01c48812395e87324464d8
[2026-05-11T12:37:46.396Z] FETCHED 4 orders from DB.
[2026-05-11T12:37:55.610Z] GET ALL ORDERS TRIGGERED by user 6a01c48812395e87324464d8
[2026-05-11T12:37:55.791Z] FETCHED 4 orders from DB.
[2026-05-11T12:39:09.753Z] GET ALL ORDERS TRIGGERED by user 6a01c48812395e87324464d8
[2026-05-11T12:39:09.915Z] FETCHED 4 orders from DB.
[2026-05-11T12:39:23.964Z] GET ALL ORDERS TRIGGERED by user 6a01c48812395e87324464d8
[2026-05-11T12:39:24.258Z] FETCHED 4 orders from DB.
[2026-05-11T12:40:50.955Z] GET ALL ORDERS TRIGGERED by user 6a01c48812395e87324464d8
[2026-05-11T12:40:51.310Z] FETCHED 4 orders from DB.
[2026-05-11T12:43:32.994Z] GET ALL ORDERS TRIGGERED by user 6a01c48812395e87324464d8
[2026-05-11T12:43:33.125Z] FETCHED 4 orders from DB.
[2026-05-11T12:43:39.907Z] GET ALL ORDERS TRIGGERED by user 6a01c48812395e87324464d8
[2026-05-11T12:43:40.093Z] FETCHED 4 orders from DB.
[2026-05-11T12:43:58.080Z] GET ALL ORDERS TRIGGERED by user 6a01c48812395e87324464d8
[2026-05-11T12:43:58.147Z] FETCHED 4 orders from DB.
[2026-05-11T12:44:07.141Z] GET ALL ORDERS TRIGGERED by user 6a01c48812395e87324464d8
[2026-05-11T12:44:07.371Z] FETCHED 4 orders from DB.
[2026-05-11T12:44:33.439Z] GET ALL ORDERS TRIGGERED by user 6a01c48812395e87324464d8
[2026-05-11T12:44:33.661Z] FETCHED 4 orders from DB.
[2026-05-11T14:35:22.148Z] CREATE ORDER ATTEMPT for User: 711ecd65-ccea-4f37-b056-7c9781db0faf
[2026-05-11T14:35:23.970Z] CREATE SUCCESS! Order ID: 0d608e1f-090a-4fc7-8440-91457a240ad5
[2026-05-11T14:37:20.018Z] GET ALL ORDERS TRIGGERED by user ea6ee5f0-58fc-46e4-be56-d81c5d6ad07b
[2026-05-11T14:37:20.672Z] FETCHED 1 orders from DB.
[2026-05-11T14:37:34.064Z] GET ALL ORDERS TRIGGERED by user ea6ee5f0-58fc-46e4-be56-d81c5d6ad07b
[2026-05-11T14:37:34.803Z] FETCHED 1 orders from DB.
